{
  "version": "1.5.0",
  "plugins_used": [
    {
      "name": "ArtifactoryDetector"
    },
    {
      "name": "AWSKeyDetector"
    },
    {
      "name": "AzureStorageKeyDetector"
    },
    {
      "name": "Base64HighEntropyString",
      "limit": 4.5
    },
    {
      "name": "BasicAuthDetector"
    },
    {
      "name": "CloudantDetector"
    },
    {
      "name": "DiscordBotTokenDetector"
    },
    {
      "name": "GitHubTokenDetector"
    },
    {
      "name": "GitLabTokenDetector"
    },
    {
      "name": "HexHighEntropyString",
      "limit": 3.0
    },
    {
      "name": "IbmCloudIamDetector"
    },
    {
      "name": "IbmCosHmacDetector"
    },
    {
      "name": "IPPublicDetector"
    },
    {
      "name": "JwtTokenDetector"
    },
    {
      "name": "KeywordDetector",
      "keyword_exclude": ""
    },
    {
      "name": "MailchimpDetector"
    },
    {
      "name": "NpmDetector"
    },
    {
      "name": "OpenAIDetector"
    },
    {
      "name": "PrivateKeyDetector"
    },
    {
      "name": "PypiTokenDetector"
    },
    {
      "name": "SendGridDetector"
    },
    {
      "name": "SlackDetector"
    },
    {
      "name": "SoftlayerDetector"
    },
    {
      "name": "SquareOAuthDetector"
    },
    {
      "name": "StripeDetector"
    },
    {
      "name": "TelegramBotTokenDetector"
    },
    {
      "name": "TwilioKeyDetector"
    }
  ],
  "filters_used": [
    {
      "path": "detect_secrets.filters.allowlist.is_line_allowlisted"
    },
    {
      "path": "detect_secrets.filters.common.is_baseline_file",
      "filename": ".secrets.baseline"
    },
    {
      "path": "detect_secrets.filters.common.is_ignored_due_to_verification_policies",
      "min_level": 2
    },
    {
      "path": "detect_secrets.filters.heuristic.is_indirect_reference"
    },
    {
      "path": "detect_secrets.filters.heuristic.is_likely_id_string"
    },
    {
      "path": "detect_secrets.filters.heuristic.is_lock_file"
    },
    {
      "path": "detect_secrets.filters.heuristic.is_not_alphanumeric_string"
    },
    {
      "path": "detect_secrets.filters.heuristic.is_potential_uuid"
    },
    {
      "path": "detect_secrets.filters.heuristic.is_prefixed_with_dollar_sign"
    },
    {
      "path": "detect_secrets.filters.heuristic.is_sequential_string"
    },
    {
      "path": "detect_secrets.filters.heuristic.is_swagger_file"
    },
    {
      "path": "detect_secrets.filters.heuristic.is_templated_secret"
    },
    {
      "path": "detect_secrets.filters.regex.should_exclude_file",
      "pattern": [
        "(^|/)\\.venv/"
      ]
    }
  ],
  "results": {
    ".github/workflows/deploy-docuseal.yml": [
      {
        "type": "Secret Keyword",
        "filename": ".github/workflows/deploy-docuseal.yml",
        "hashed_secret": "8f6712f21ac56962e6ce8a3ace2d8573e79f8965",
        "is_verified": false,
        "line_number": 138
      }
    ],
    ".github/workflows/deploy.yml": [
      {
        "type": "Hex High Entropy String",
        "filename": ".github/workflows/deploy.yml",
        "hashed_secret": "8cc31f9d77f6d97d97b3771b145267170a4e7bb7",
        "is_verified": false,
        "line_number": 69
      }
    ],
    "docs/INTEGRATION_NOTION.md": [
      {
        "type": "Secret Keyword",
        "filename": "docs/INTEGRATION_NOTION.md",
        "hashed_secret": "45c3486654ec097981711d65e5b16e0ddec7816b",
        "is_verified": false,
        "line_number": 105
      }
    ],
    "services/docuseal/cloudbuild.yaml": [
      {
        "type": "Secret Keyword",
        "filename": "services/docuseal/cloudbuild.yaml",
        "hashed_secret": "748b40c8b3843531674ffe907f69dfc779cb0f24",
        "is_verified": false,
        "line_number": 7
      },
      {
        "type": "Secret Keyword",
        "filename": "services/docuseal/cloudbuild.yaml",
        "hashed_secret": "1481d0a0ceb16ea4672fed76a0710306eb9f3a33",
        "is_verified": false,
        "line_number": 44
      },
      {
        "type": "Secret Keyword",
        "filename": "services/docuseal/cloudbuild.yaml",
        "hashed_secret": "7cca9d815cbf4c83e8e4551766bc7dda6ab4a6bb",
        "is_verified": false,
        "line_number": 44
      },
      {
        "type": "Secret Keyword",
        "filename": "services/docuseal/cloudbuild.yaml",
        "hashed_secret": "6580040748d5ad34fc7f63eda14bf7db49cc9d83",
        "is_verified": false,
        "line_number": 45
      }
    ],
    "tests/test_api_v1.py": [
      {
        "type": "Secret Keyword",
        "filename": "tests/test_api_v1.py",
        "hashed_secret": "9769877086ae38590ed3d8fd991feee630708bf0",
        "is_verified": false,
        "line_number": 2207
      }
    ],
    "tests/test_docuseal.py": [
      {
        "type": "Secret Keyword",
        "filename": "tests/test_docuseal.py",
        "hashed_secret": "e2b11b2ed070b77e4b45630e0e59171ae5b2b674",
        "is_verified": false,
        "line_number": 214
      },
      {
        "type": "Secret Keyword",
        "filename": "tests/test_docuseal.py",
        "hashed_secret": "7093eb45d64ce0e52cea391cd30345851fc28c7c",
        "is_verified": false,
        "line_number": 251
      }
    ]
  },
  "generated_at": "2026-07-22T02:30:01Z"
}
